// Jest Snapshot v1, https://goo.gl/fbAQLP

exports[`CartItem  component renders 1`] = `
<div
  className="cart-item"
>
  <img
    alt="item"
    src="image.com"
  />
  <div
    className="item-details"
  >
    <span
      className="name"
    >
      Mock Item
    </span>
    <span
      className="price"
    >
      1
       x $
      9.99
    </span>
  </div>
</div>
`;
